[v2] grid=288^3 steps=30000 F=0.042 k=0.062 shell_th=3.0 3 jobs / 4 GPUs
[gpu0] central      seed=1000 alive=1 diss_ratio(T)=0.7053 max=0.7053 tau_diss=None kappa_gzip(T)=0.6330 fill=0.503 (659s)
[gpu1] shell        seed=1000 alive=1 diss_ratio(T)=1.0041 max=15410750541.3147 tau_diss=1980.0 kappa_gzip(T)=0.9884 fill=0.615 (663s)
[gpu2] distributed  seed=1000 alive=1 diss_ratio(T)=0.9969 max=0.9975 tau_diss=None kappa_gzip(T)=1.0021 fill=0.612 (667s)
/root/scope/scope_topology_v2.py:187: RuntimeWarning: Mean of empty slice
  m, s = np.nanmean(A, 0), np.nanstd(A, 0)
/usr/local/lib/python3.10/dist-packages/numpy/lib/_nanfunctions_impl.py:2019: RuntimeWarning: Degrees of freedom <= 0 for slice.
  var = nanvar(a, axis=axis, dtype=dtype, out=out, ddof=ddof,

[v2] 3 runs in 11.2 min -> viab288_F0.042_k0.062
{
  "central": {
    "n_runs": 1,
    "n_alive": 1,
    "seeded_fraction": 0.038178823857966004,
    "match_ratio": 1.0009044122397124,
    "diss_ratio_T_mean": 0.7053161024981325,
    "diss_ratio_T_std": 0.0,
    "diss_ratio_max_mean": 0.7053161024981325,
    "kappa_gzip_T_mean": 0.6329660880013009,
    "kappa_gzip_T_std": 0.0,
    "fill_T_mean": 0.5028026703245705,
    "tau_diss_mean": null,
    "tau_diss_std": null,
    "n_passed_diss": 0,
    "tau_gzip_mean": null,
    "tau_gzip_std": null,
    "n_passed_gzip": 0
  },
  "shell": {
    "n_runs": 1,
    "n_alive": 1,
    "seeded_fraction": 0.038144325662960846,
    "match_ratio": 1.0,
    "diss_ratio_T_mean": 1.0041302643188053,
    "diss_ratio_T_std": 0.0,
    "diss_ratio_max_mean": 15410750541.3147,
    "kappa_gzip_T_mean": 0.9883983087179257,
    "kappa_gzip_T_std": 0.0,
    "fill_T_mean": 0.6146145032054573,
    "tau_diss_mean": 1980.0,
    "tau_diss_std": 0.0,
    "n_passed_diss": 1,
    "tau_gzip_mean": 90.0,
    "tau_gzip_std": 0.0,
    "n_passed_gzip": 1
  },
  "distributed": {
    "n_runs": 1,
    "n_alive": 1,
    "seeded_fraction": 0.0382160942293555,
    "match_ratio": 1.0018815004629729,
    "diss_ratio_T_mean": 0.9969329939876427,
    "diss_ratio_T_std": 0.0,
    "diss_ratio_max_mean": 0.997506788249478,
    "kappa_gzip_T_mean": 1.0020895623201973,
    "kappa_gzip_T_std": 0.0,
    "fill_T_mean": 0.6123833119088591,
    "tau_diss_mean": null,
    "tau_diss_std": null,
    "n_passed_diss": 0,
    "tau_gzip_mean": 3060.0,
    "tau_gzip_std": 0.0,
    "n_passed_gzip": 1
  }
}
[v2] grid=288^3 steps=30000 F=0.038 k=0.058 shell_th=3.0 3 jobs / 4 GPUs
[gpu0] central      seed=1000 alive=1 diss_ratio(T)=0.5711 max=1.0291 tau_diss=2970.0 kappa_gzip(T)=1.0495 fill=0.850 (666s)
[gpu1] shell        seed=1000 alive=1 diss_ratio(T)=0.9181 max=3015153451.9732 tau_diss=450.0 kappa_gzip(T)=0.9400 fill=0.840 (667s)
[gpu2] distributed  seed=1000 alive=1 diss_ratio(T)=1.0071 max=1.4317 tau_diss=630.0 kappa_gzip(T)=0.9994 fill=0.895 (669s)
/root/scope/scope_topology_v2.py:187: RuntimeWarning: Mean of empty slice
  m, s = np.nanmean(A, 0), np.nanstd(A, 0)
/usr/local/lib/python3.10/dist-packages/numpy/lib/_nanfunctions_impl.py:2019: RuntimeWarning: Degrees of freedom <= 0 for slice.
  var = nanvar(a, axis=axis, dtype=dtype, out=out, ddof=ddof,

[v2] 3 runs in 11.2 min -> viab288_F0.038_k0.058
{
  "central": {
    "n_runs": 1,
    "n_alive": 1,
    "seeded_fraction": 0.038178823857966004,
    "match_ratio": 1.0009044122397124,
    "diss_ratio_T_mean": 0.5710768698594426,
    "diss_ratio_T_std": 0.0,
    "diss_ratio_max_mean": 1.029125561032599,
    "kappa_gzip_T_mean": 1.0495140078093195,
    "kappa_gzip_T_std": 0.0,
    "fill_T_mean": 0.850399090726146,
    "tau_diss_mean": 2970.0,
    "tau_diss_std": 0.0,
    "n_passed_diss": 1,
    "tau_gzip_mean": 3240.0,
    "tau_gzip_std": 0.0,
    "n_passed_gzip": 1
  },
  "shell": {
    "n_runs": 1,
    "n_alive": 1,
    "seeded_fraction": 0.038144325662960846,
    "match_ratio": 1.0,
    "diss_ratio_T_mean": 0.9181430327212441,
    "diss_ratio_T_std": 0.0,
    "diss_ratio_max_mean": 3015153451.9731555,
    "kappa_gzip_T_mean": 0.9399906351041333,
    "kappa_gzip_T_std": 0.0,
    "fill_T_mean": 0.8396936642422101,
    "tau_diss_mean": 450.0,
    "tau_diss_std": 0.0,
    "n_passed_diss": 1,
    "tau_gzip_mean": 90.0,
    "tau_gzip_std": 0.0,
    "n_passed_gzip": 1
  },
  "distributed": {
    "n_runs": 1,
    "n_alive": 1,
    "seeded_fraction": 0.0382160942293555,
    "match_ratio": 1.0018815004629729,
    "diss_ratio_T_mean": 1.007134294755006,
    "diss_ratio_T_std": 0.0,
    "diss_ratio_max_mean": 1.431698266484566,
    "kappa_gzip_T_mean": 0.999361961496797,
    "kappa_gzip_T_std": 0.0,
    "fill_T_mean": 0.8946790641132526,
    "tau_diss_mean": 630.0,
    "tau_diss_std": 0.0,
    "n_passed_diss": 1,
    "tau_gzip_mean": 3240.0,
    "tau_gzip_std": 0.0,
    "n_passed_gzip": 1
  }
}
